
== ordered_high: default τ_max = 0.01 ms (size_scale = 1.0 µm)
  τ=1.000e-03 ms  ADC=1.2574 ± 0.0196  (n_extra≈2884, 23.9 s)
  τ=1.585e-03 ms  ADC=1.2518 ± 0.0142  (n_extra≈2884, 11.6 s)
  τ=2.512e-03 ms  ADC=1.2372 ± 0.0292  (n_extra≈2884, 7.8 s)
  τ=3.981e-03 ms  ADC=1.2064 ± 0.0219  (n_extra≈2884, 5.7 s)
  τ=6.310e-03 ms  ADC=1.1896 ± 0.0275  (n_extra≈2884, 3.7 s)
  τ=1.000e-02 ms  ADC=1.1595 ± 0.0171  (n_extra≈2884, 2.6 s)
  τ=1.585e-02 ms  ADC=1.1055 ± 0.0225  (n_extra≈2884, 1.9 s)
  τ=2.512e-02 ms  ADC=1.0334 ± 0.0152  (n_extra≈2884, 1.4 s)
  τ=3.981e-02 ms  ADC=0.9522 ± 0.0092  (n_extra≈2884, 1.2 s)
  τ=6.310e-02 ms  ADC=0.8686 ± 0.0174  (n_extra≈2884, 0.9 s)
  τ=1.000e-01 ms  ADC=0.7685 ± 0.0088  (n_extra≈2884, 0.7 s)
  τ=1.585e-01 ms  ADC=0.6751 ± 0.0168  (n_extra≈2884, 0.6 s)
  τ=2.512e-01 ms  ADC=0.5860 ± 0.0150  (n_extra≈2884, 0.5 s)
  τ=3.981e-01 ms  ADC=0.5049 ± 0.0060  (n_extra≈2884, 0.5 s)
  τ=6.310e-01 ms  ADC=0.4287 ± 0.0067  (n_extra≈2884, 0.5 s)
  τ=1.000e+00 ms  ADC=0.3591 ± 0.0050  (n_extra≈2884, 0.4 s)
  τ=1.585e+00 ms  ADC=0.3138 ± 0.0063  (n_extra≈2884, 0.5 s)
  τ=2.512e+00 ms  ADC=0.2557 ± 0.0089  (n_extra≈2884, 0.4 s)
  τ=3.981e+00 ms  ADC=0.2322 ± 0.0091  (n_extra≈2884, 0.4 s)
  τ=6.310e+00 ms  ADC=0.1979 ± 0.0048  (n_extra≈2884, 0.4 s)
  τ=1.000e+01 ms  ADC=0.1515 ± 0.0038  (n_extra≈2884, 0.4 s)
  plateau ADC = 1.2488;  onset (2σ) = 6.310e-03 ms;  onset (1%) = 2.512e-03 ms;  ADC at τ≈default (1.000e-02) = 1.1595

== ordered_low: default τ_max = 0.01 ms (size_scale = 1.0 µm)
  τ=1.000e-03 ms  ADC=2.2183 ± 0.0292  (n_extra≈6502, 18.9 s)
  τ=1.585e-03 ms  ADC=2.2211 ± 0.0203  (n_extra≈6502, 12.0 s)
  τ=2.512e-03 ms  ADC=2.2203 ± 0.0187  (n_extra≈6502, 7.9 s)
  τ=3.981e-03 ms  ADC=2.2123 ± 0.0256  (n_extra≈6502, 5.8 s)
  τ=6.310e-03 ms  ADC=2.1891 ± 0.0234  (n_extra≈6502, 3.7 s)
  τ=1.000e-02 ms  ADC=2.1988 ± 0.0153  (n_extra≈6502, 2.8 s)
  τ=1.585e-02 ms  ADC=2.1738 ± 0.0250  (n_extra≈6502, 1.9 s)
  τ=2.512e-02 ms  ADC=2.1521 ± 0.0370  (n_extra≈6502, 1.4 s)
  τ=3.981e-02 ms  ADC=2.1083 ± 0.0269  (n_extra≈6502, 1.1 s)
  τ=6.310e-02 ms  ADC=2.0666 ± 0.0271  (n_extra≈6502, 1.0 s)
  τ=1.000e-01 ms  ADC=2.0108 ± 0.0228  (n_extra≈6502, 0.8 s)
  τ=1.585e-01 ms  ADC=1.9150 ± 0.0354  (n_extra≈6502, 0.7 s)
  τ=2.512e-01 ms  ADC=1.8235 ± 0.0266  (n_extra≈6502, 0.6 s)
  τ=3.981e-01 ms  ADC=1.7006 ± 0.0214  (n_extra≈6502, 0.6 s)
  τ=6.310e-01 ms  ADC=1.5686 ± 0.0184  (n_extra≈6502, 0.5 s)
  τ=1.000e+00 ms  ADC=1.4343 ± 0.0161  (n_extra≈6502, 0.5 s)
  τ=1.585e+00 ms  ADC=1.3171 ± 0.0175  (n_extra≈6502, 0.5 s)
  τ=2.512e+00 ms  ADC=1.1488 ± 0.0121  (n_extra≈6502, 0.5 s)
  τ=3.981e+00 ms  ADC=1.0713 ± 0.0135  (n_extra≈6502, 0.5 s)
  τ=6.310e+00 ms  ADC=0.9557 ± 0.0088  (n_extra≈6502, 0.5 s)
  τ=1.000e+01 ms  ADC=0.7897 ± 0.0070  (n_extra≈6502, 0.5 s)
  plateau ADC = 2.2199;  onset (2σ) = 2.512e-02 ms;  onset (1%) = 3.981e-03 ms;  ADC at τ≈default (1.000e-02) = 2.1988

== random_high: default τ_max = 0.01 ms (size_scale = 1.0 µm)
  τ=1.000e-03 ms  ADC=0.7919 ± 0.0131  (n_extra≈3033, 20.8 s)
  τ=1.585e-03 ms  ADC=0.7915 ± 0.0151  (n_extra≈3033, 12.8 s)
  τ=2.512e-03 ms  ADC=0.7820 ± 0.0180  (n_extra≈3033, 8.5 s)
  τ=3.981e-03 ms  ADC=0.7808 ± 0.0152  (n_extra≈3033, 6.1 s)
  τ=6.310e-03 ms  ADC=0.7677 ± 0.0137  (n_extra≈3033, 3.8 s)
  τ=1.000e-02 ms  ADC=0.7556 ± 0.0118  (n_extra≈3033, 2.6 s)
  τ=1.585e-02 ms  ADC=0.7329 ± 0.0137  (n_extra≈3033, 1.8 s)
  τ=2.512e-02 ms  ADC=0.6966 ± 0.0094  (n_extra≈3033, 1.4 s)
  τ=3.981e-02 ms  ADC=0.6592 ± 0.0150  (n_extra≈3033, 1.0 s)
  τ=6.310e-02 ms  ADC=0.6215 ± 0.0130  (n_extra≈3033, 0.8 s)
  τ=1.000e-01 ms  ADC=0.5827 ± 0.0165  (n_extra≈3033, 0.7 s)
  τ=1.585e-01 ms  ADC=0.5255 ± 0.0131  (n_extra≈3033, 0.6 s)
  τ=2.512e-01 ms  ADC=0.4752 ± 0.0073  (n_extra≈3033, 0.5 s)
  τ=3.981e-01 ms  ADC=0.4230 ± 0.0085  (n_extra≈3033, 0.5 s)
  τ=6.310e-01 ms  ADC=0.3741 ± 0.0042  (n_extra≈3033, 0.5 s)
  τ=1.000e+00 ms  ADC=0.3213 ± 0.0072  (n_extra≈3033, 0.4 s)
  τ=1.585e+00 ms  ADC=0.2931 ± 0.0075  (n_extra≈3033, 0.4 s)
  τ=2.512e+00 ms  ADC=0.2443 ± 0.0039  (n_extra≈3033, 0.4 s)
  τ=3.981e+00 ms  ADC=0.2227 ± 0.0080  (n_extra≈3033, 0.4 s)
  τ=6.310e+00 ms  ADC=0.1909 ± 0.0064  (n_extra≈3033, 0.4 s)
  τ=1.000e+01 ms  ADC=0.1522 ± 0.0052  (n_extra≈3033, 0.3 s)
  plateau ADC = 0.7885;  onset (2σ) = 6.310e-03 ms;  onset (1%) = 3.981e-03 ms;  ADC at τ≈default (1.000e-02) = 0.7556

== random_low: default τ_max = 0.01 ms (size_scale = 1.0 µm)
  τ=1.000e-03 ms  ADC=2.0866 ± 0.0266  (n_extra≈6618, 26.8 s)
  τ=1.585e-03 ms  ADC=2.0998 ± 0.0184  (n_extra≈6618, 16.7 s)
  τ=2.512e-03 ms  ADC=2.0907 ± 0.0196  (n_extra≈6618, 11.0 s)
  τ=3.981e-03 ms  ADC=2.0883 ± 0.0253  (n_extra≈6618, 7.1 s)
  τ=6.310e-03 ms  ADC=2.0636 ± 0.0317  (n_extra≈6618, 4.9 s)
  τ=1.000e-02 ms  ADC=2.0525 ± 0.0295  (n_extra≈6618, 3.1 s)
  τ=1.585e-02 ms  ADC=2.0244 ± 0.0321  (n_extra≈6618, 2.2 s)
  τ=2.512e-02 ms  ADC=2.0042 ± 0.0303  (n_extra≈6618, 1.7 s)
  τ=3.981e-02 ms  ADC=1.9648 ± 0.0298  (n_extra≈6618, 1.2 s)
  τ=6.310e-02 ms  ADC=1.9308 ± 0.0266  (n_extra≈6618, 0.9 s)
  τ=1.000e-01 ms  ADC=1.8672 ± 0.0196  (n_extra≈6618, 0.8 s)
  τ=1.585e-01 ms  ADC=1.7911 ± 0.0205  (n_extra≈6618, 0.7 s)
  τ=2.512e-01 ms  ADC=1.6827 ± 0.0190  (n_extra≈6618, 0.6 s)
  τ=3.981e-01 ms  ADC=1.5995 ± 0.0166  (n_extra≈6618, 0.5 s)
  τ=6.310e-01 ms  ADC=1.4807 ± 0.0159  (n_extra≈6618, 0.5 s)
  τ=1.000e+00 ms  ADC=1.3647 ± 0.0250  (n_extra≈6618, 0.5 s)
  τ=1.585e+00 ms  ADC=1.2742 ± 0.0186  (n_extra≈6618, 0.5 s)
  τ=2.512e+00 ms  ADC=1.1243 ± 0.0121  (n_extra≈6618, 0.5 s)
  τ=3.981e+00 ms  ADC=1.0578 ± 0.0115  (n_extra≈6618, 0.4 s)
  τ=6.310e+00 ms  ADC=0.9508 ± 0.0137  (n_extra≈6618, 0.4 s)
  τ=1.000e+01 ms  ADC=0.7886 ± 0.0125  (n_extra≈6618, 0.4 s)
  plateau ADC = 2.0923;  onset (2σ) = 1.585e-02 ms;  onset (1%) = 3.981e-03 ms;  ADC at τ≈default (1.000e-02) = 2.0525
saved to /Users/ishimiyabisaki/Documents/mcmrsimulator.jl-main/research/results/baseline/r3_timestep_plateau
