
== default: τ = 0.04 ms, step length √(2Dτ) = 0.49 µm, N_spins = 100000, seeds = 10, times = [0.0, 10.0, 20.0, 30.0, 40.0, 50.0]
  t =   0.0 ms: χ²/dof = 0.893 (z = -0.76); wall bins z = +1.16 / -0.60 → flat
  t =  10.0 ms: χ²/dof = 1.097 (z = +0.68); wall bins z = -0.70 / -0.11 → flat
  t =  20.0 ms: χ²/dof = 1.165 (z = +1.16); wall bins z = +0.29 / +0.12 → flat
  t =  30.0 ms: χ²/dof = 1.274 (z = +1.93); wall bins z = +2.61 / -1.92 → flat
  t =  40.0 ms: χ²/dof = 0.818 (z = -1.28); wall bins z = -1.24 / +0.92 → flat
  t =  50.0 ms: χ²/dof = 0.948 (z = -0.36); wall bins z = +0.33 / +0.15 → flat
    t=  0.0 λ=0.05 lower: fraction 0.02526 vs 0.02500 (rel +1.04e-02, z +1.67)
    t=  0.0 λ=0.05 upper: fraction 0.02501 vs 0.02500 (rel +5.60e-04, z +0.09)
    t=  0.0 λ=0.10 lower: fraction 0.05014 vs 0.05000 (rel +2.82e-03, z +0.65)
    t=  0.0 λ=0.10 upper: fraction 0.05002 vs 0.05000 (rel +3.60e-04, z +0.08)
    t=  0.0 λ=0.20 lower: fraction 0.10015 vs 0.10000 (rel +1.50e-03, z +0.50)
    t=  0.0 λ=0.20 upper: fraction 0.10011 vs 0.10000 (rel +1.08e-03, z +0.36)
    t=  0.0 λ=0.40 lower: fraction 0.20012 vs 0.20000 (rel +6.15e-04, z +0.31)
    t=  0.0 λ=0.40 upper: fraction 0.19979 vs 0.20000 (rel -1.07e-03, z -0.53)
    t= 10.0 λ=0.05 lower: fraction 0.02489 vs 0.02500 (rel -4.36e-03, z -0.70)
    t= 10.0 λ=0.05 upper: fraction 0.02501 vs 0.02500 (rel +3.60e-04, z +0.06)
    t= 10.0 λ=0.10 lower: fraction 0.04975 vs 0.05000 (rel -4.98e-03, z -1.14)
    t= 10.0 λ=0.10 upper: fraction 0.04984 vs 0.05000 (rel -3.22e-03, z -0.74)
    t= 10.0 λ=0.20 lower: fraction 0.09950 vs 0.10000 (rel -5.01e-03, z -1.67)
    t= 10.0 λ=0.20 upper: fraction 0.09978 vs 0.10000 (rel -2.20e-03, z -0.73)
    t= 10.0 λ=0.40 lower: fraction 0.19914 vs 0.20000 (rel -4.30e-03, z -2.15)
    t= 10.0 λ=0.40 upper: fraction 0.20032 vs 0.20000 (rel +1.58e-03, z +0.79)
    t= 20.0 λ=0.05 lower: fraction 0.02509 vs 0.02500 (rel +3.68e-03, z +0.59)
    t= 20.0 λ=0.05 upper: fraction 0.02514 vs 0.02500 (rel +5.40e-03, z +0.86)
    t= 20.0 λ=0.10 lower: fraction 0.05025 vs 0.05000 (rel +4.94e-03, z +1.13)
    t= 20.0 λ=0.10 upper: fraction 0.04997 vs 0.05000 (rel -5.00e-04, z -0.11)
    t= 20.0 λ=0.20 lower: fraction 0.10052 vs 0.10000 (rel +5.23e-03, z +1.74)
    t= 20.0 λ=0.20 upper: fraction 0.09990 vs 0.10000 (rel -9.80e-04, z -0.33)
    t= 20.0 λ=0.40 lower: fraction 0.20069 vs 0.20000 (rel +3.44e-03, z +1.72)
    t= 20.0 λ=0.40 upper: fraction 0.20034 vs 0.20000 (rel +1.70e-03, z +0.85)
    t= 30.0 λ=0.05 lower: fraction 0.02534 vs 0.02500 (rel +1.37e-02, z +2.20)
    t= 30.0 λ=0.05 upper: fraction 0.02470 vs 0.02500 (rel -1.20e-02, z -1.92)
    t= 30.0 λ=0.10 lower: fraction 0.05037 vs 0.05000 (rel +7.42e-03, z +1.70)
    t= 30.0 λ=0.10 upper: fraction 0.04985 vs 0.05000 (rel -2.96e-03, z -0.68)
    t= 30.0 λ=0.20 lower: fraction 0.10039 vs 0.10000 (rel +3.89e-03, z +1.30)
    t= 30.0 λ=0.20 upper: fraction 0.09969 vs 0.10000 (rel -3.08e-03, z -1.03)
    t= 30.0 λ=0.40 lower: fraction 0.20014 vs 0.20000 (rel +6.75e-04, z +0.34)
    t= 30.0 λ=0.40 upper: fraction 0.20027 vs 0.20000 (rel +1.34e-03, z +0.67)
    t= 40.0 λ=0.05 lower: fraction 0.02500 vs 0.02500 (rel +2.00e-04, z +0.03)
    t= 40.0 λ=0.05 upper: fraction 0.02496 vs 0.02500 (rel -1.44e-03, z -0.23)
    t= 40.0 λ=0.10 lower: fraction 0.05010 vs 0.05000 (rel +2.02e-03, z +0.46)
    t= 40.0 λ=0.10 upper: fraction 0.04982 vs 0.05000 (rel -3.64e-03, z -0.84)
    t= 40.0 λ=0.20 lower: fraction 0.10009 vs 0.10000 (rel +8.60e-04, z +0.29)
    t= 40.0 λ=0.20 upper: fraction 0.10020 vs 0.10000 (rel +1.96e-03, z +0.65)
    t= 40.0 λ=0.40 lower: fraction 0.19988 vs 0.20000 (rel -5.95e-04, z -0.30)
    t= 40.0 λ=0.40 upper: fraction 0.20034 vs 0.20000 (rel +1.68e-03, z +0.84)
    t= 50.0 λ=0.05 lower: fraction 0.02503 vs 0.02500 (rel +1.32e-03, z +0.21)
    t= 50.0 λ=0.05 upper: fraction 0.02499 vs 0.02500 (rel -6.00e-04, z -0.10)
    t= 50.0 λ=0.10 lower: fraction 0.05015 vs 0.05000 (rel +3.06e-03, z +0.70)
    t= 50.0 λ=0.10 upper: fraction 0.04987 vs 0.05000 (rel -2.52e-03, z -0.58)
    t= 50.0 λ=0.20 lower: fraction 0.09984 vs 0.10000 (rel -1.63e-03, z -0.54)
    t= 50.0 λ=0.20 upper: fraction 0.09975 vs 0.10000 (rel -2.48e-03, z -0.83)
    t= 50.0 λ=0.40 lower: fraction 0.19980 vs 0.20000 (rel -1.01e-03, z -0.51)
    t= 50.0 λ=0.40 upper: fraction 0.19976 vs 0.20000 (rel -1.21e-03, z -0.60)
  occupancy: 2 of 48 comparisons outside 2σ (≈2.2 expected by chance), worst z = +2.20 → PASS
  histogram → PASS;  runtime 19.4 s

== tau_1e-2: τ = 0.01 ms, step length √(2Dτ) = 0.245 µm, N_spins = 100000, seeds = 10, times = [0.0, 10.0, 20.0, 30.0, 40.0, 50.0]
  t =   0.0 ms: χ²/dof = 0.893 (z = -0.76); wall bins z = +1.16 / -0.60 → flat
  t =  10.0 ms: χ²/dof = 1.102 (z = +0.72); wall bins z = -1.33 / +0.22 → flat
  t =  20.0 ms: χ²/dof = 1.061 (z = +0.43); wall bins z = +0.61 / +0.06 → flat
  t =  30.0 ms: χ²/dof = 0.835 (z = -1.16); wall bins z = -0.03 / +0.34 → flat
  t =  40.0 ms: χ²/dof = 0.781 (z = -1.54); wall bins z = -0.55 / -0.08 → flat
  t =  50.0 ms: χ²/dof = 0.949 (z = -0.36); wall bins z = -1.27 / -1.17 → flat
    t=  0.0 λ=0.05 lower: fraction 0.02526 vs 0.02500 (rel +1.04e-02, z +1.67)
    t=  0.0 λ=0.05 upper: fraction 0.02501 vs 0.02500 (rel +5.60e-04, z +0.09)
    t=  0.0 λ=0.10 lower: fraction 0.05014 vs 0.05000 (rel +2.82e-03, z +0.65)
    t=  0.0 λ=0.10 upper: fraction 0.05002 vs 0.05000 (rel +3.60e-04, z +0.08)
    t=  0.0 λ=0.20 lower: fraction 0.10015 vs 0.10000 (rel +1.50e-03, z +0.50)
    t=  0.0 λ=0.20 upper: fraction 0.10011 vs 0.10000 (rel +1.08e-03, z +0.36)
    t=  0.0 λ=0.40 lower: fraction 0.20012 vs 0.20000 (rel +6.15e-04, z +0.31)
    t=  0.0 λ=0.40 upper: fraction 0.19979 vs 0.20000 (rel -1.07e-03, z -0.53)
    t= 10.0 λ=0.05 lower: fraction 0.02465 vs 0.02500 (rel -1.39e-02, z -2.23)
    t= 10.0 λ=0.05 upper: fraction 0.02470 vs 0.02500 (rel -1.22e-02, z -1.95)
    t= 10.0 λ=0.10 lower: fraction 0.04968 vs 0.05000 (rel -6.38e-03, z -1.46)
    t= 10.0 λ=0.10 upper: fraction 0.05017 vs 0.05000 (rel +3.42e-03, z +0.78)
    t= 10.0 λ=0.20 lower: fraction 0.09963 vs 0.10000 (rel -3.73e-03, z -1.24)
    t= 10.0 λ=0.20 upper: fraction 0.10035 vs 0.10000 (rel +3.45e-03, z +1.15)
    t= 10.0 λ=0.40 lower: fraction 0.19978 vs 0.20000 (rel -1.08e-03, z -0.54)
    t= 10.0 λ=0.40 upper: fraction 0.20029 vs 0.20000 (rel +1.43e-03, z +0.71)
    t= 20.0 λ=0.05 lower: fraction 0.02472 vs 0.02500 (rel -1.11e-02, z -1.77)
    t= 20.0 λ=0.05 upper: fraction 0.02521 vs 0.02500 (rel +8.24e-03, z +1.32)
    t= 20.0 λ=0.10 lower: fraction 0.04967 vs 0.05000 (rel -6.64e-03, z -1.52)
    t= 20.0 λ=0.10 upper: fraction 0.05013 vs 0.05000 (rel +2.68e-03, z +0.61)
    t= 20.0 λ=0.20 lower: fraction 0.09961 vs 0.10000 (rel -3.87e-03, z -1.29)
    t= 20.0 λ=0.20 upper: fraction 0.09998 vs 0.10000 (rel -2.40e-04, z -0.08)
    t= 20.0 λ=0.40 lower: fraction 0.19979 vs 0.20000 (rel -1.04e-03, z -0.52)
    t= 20.0 λ=0.40 upper: fraction 0.19944 vs 0.20000 (rel -2.79e-03, z -1.39)
    t= 30.0 λ=0.05 lower: fraction 0.02492 vs 0.02500 (rel -3.16e-03, z -0.51)
    t= 30.0 λ=0.05 upper: fraction 0.02491 vs 0.02500 (rel -3.44e-03, z -0.55)
    t= 30.0 λ=0.10 lower: fraction 0.05001 vs 0.05000 (rel +1.40e-04, z +0.03)
    t= 30.0 λ=0.10 upper: fraction 0.04970 vs 0.05000 (rel -5.90e-03, z -1.35)
    t= 30.0 λ=0.20 lower: fraction 0.10003 vs 0.10000 (rel +2.70e-04, z +0.09)
    t= 30.0 λ=0.20 upper: fraction 0.09966 vs 0.10000 (rel -3.36e-03, z -1.12)
    t= 30.0 λ=0.40 lower: fraction 0.19929 vs 0.20000 (rel -3.57e-03, z -1.78)
    t= 30.0 λ=0.40 upper: fraction 0.20009 vs 0.20000 (rel +4.50e-04, z +0.23)
    t= 40.0 λ=0.05 lower: fraction 0.02497 vs 0.02500 (rel -1.16e-03, z -0.19)
    t= 40.0 λ=0.05 upper: fraction 0.02491 vs 0.02500 (rel -3.44e-03, z -0.55)
    t= 40.0 λ=0.10 lower: fraction 0.04995 vs 0.05000 (rel -1.08e-03, z -0.25)
    t= 40.0 λ=0.10 upper: fraction 0.04986 vs 0.05000 (rel -2.70e-03, z -0.62)
    t= 40.0 λ=0.20 lower: fraction 0.10012 vs 0.10000 (rel +1.20e-03, z +0.40)
    t= 40.0 λ=0.20 upper: fraction 0.09987 vs 0.10000 (rel -1.33e-03, z -0.44)
    t= 40.0 λ=0.40 lower: fraction 0.20017 vs 0.20000 (rel +8.65e-04, z +0.43)
    t= 40.0 λ=0.40 upper: fraction 0.19989 vs 0.20000 (rel -5.75e-04, z -0.29)
    t= 50.0 λ=0.05 lower: fraction 0.02496 vs 0.02500 (rel -1.52e-03, z -0.24)
    t= 50.0 λ=0.05 upper: fraction 0.02504 vs 0.02500 (rel +1.40e-03, z +0.22)
    t= 50.0 λ=0.10 lower: fraction 0.04996 vs 0.05000 (rel -8.00e-04, z -0.18)
    t= 50.0 λ=0.10 upper: fraction 0.05020 vs 0.05000 (rel +4.02e-03, z +0.92)
    t= 50.0 λ=0.20 lower: fraction 0.09950 vs 0.10000 (rel -5.03e-03, z -1.68)
    t= 50.0 λ=0.20 upper: fraction 0.10035 vs 0.10000 (rel +3.54e-03, z +1.18)
    t= 50.0 λ=0.40 lower: fraction 0.19940 vs 0.20000 (rel -3.00e-03, z -1.50)
    t= 50.0 λ=0.40 upper: fraction 0.19985 vs 0.20000 (rel -7.30e-04, z -0.36)
  occupancy: 1 of 48 comparisons outside 2σ (≈2.2 expected by chance), worst z = -2.23 → PASS
  histogram → PASS;  runtime 57.6 s

== tau_1e-3: τ = 0.001 ms, step length √(2Dτ) = 0.0775 µm, N_spins = 100000, seeds = 10, times = [0.0, 10.0, 20.0, 30.0, 40.0, 50.0]
  t =   0.0 ms: χ²/dof = 0.893 (z = -0.76); wall bins z = +1.16 / -0.60 → flat
  t =  10.0 ms: χ²/dof = 1.014 (z = +0.10); wall bins z = -0.86 / +0.78 → flat
  t =  20.0 ms: χ²/dof = 1.172 (z = +1.21); wall bins z = +0.76 / -0.31 → flat
  t =  30.0 ms: χ²/dof = 1.089 (z = +0.62); wall bins z = -0.80 / -0.58 → flat
  t =  40.0 ms: χ²/dof = 0.998 (z = -0.02); wall bins z = -0.29 / +0.52 → flat
  t =  50.0 ms: χ²/dof = 1.209 (z = +1.47); wall bins z = +1.16 / -1.34 → flat
    t=  0.0 λ=0.05 lower: fraction 0.02526 vs 0.02500 (rel +1.04e-02, z +1.67)
    t=  0.0 λ=0.05 upper: fraction 0.02501 vs 0.02500 (rel +5.60e-04, z +0.09)
    t=  0.0 λ=0.10 lower: fraction 0.05014 vs 0.05000 (rel +2.82e-03, z +0.65)
    t=  0.0 λ=0.10 upper: fraction 0.05002 vs 0.05000 (rel +3.60e-04, z +0.08)
    t=  0.0 λ=0.20 lower: fraction 0.10015 vs 0.10000 (rel +1.50e-03, z +0.50)
    t=  0.0 λ=0.20 upper: fraction 0.10011 vs 0.10000 (rel +1.08e-03, z +0.36)
    t=  0.0 λ=0.40 lower: fraction 0.20012 vs 0.20000 (rel +6.15e-04, z +0.31)
    t=  0.0 λ=0.40 upper: fraction 0.19979 vs 0.20000 (rel -1.07e-03, z -0.53)
    t= 10.0 λ=0.05 lower: fraction 0.02505 vs 0.02500 (rel +2.00e-03, z +0.32)
    t= 10.0 λ=0.05 upper: fraction 0.02507 vs 0.02500 (rel +2.92e-03, z +0.47)
    t= 10.0 λ=0.10 lower: fraction 0.05011 vs 0.05000 (rel +2.30e-03, z +0.53)
    t= 10.0 λ=0.10 upper: fraction 0.05011 vs 0.05000 (rel +2.30e-03, z +0.53)
    t= 10.0 λ=0.20 lower: fraction 0.09999 vs 0.10000 (rel -8.00e-05, z -0.03)
    t= 10.0 λ=0.20 upper: fraction 0.09997 vs 0.10000 (rel -3.20e-04, z -0.11)
    t= 10.0 λ=0.40 lower: fraction 0.20000 vs 0.20000 (rel -1.50e-05, z -0.01)
    t= 10.0 λ=0.40 upper: fraction 0.19966 vs 0.20000 (rel -1.71e-03, z -0.85)
    t= 20.0 λ=0.05 lower: fraction 0.02493 vs 0.02500 (rel -2.72e-03, z -0.44)
    t= 20.0 λ=0.05 upper: fraction 0.02510 vs 0.02500 (rel +3.92e-03, z +0.63)
    t= 20.0 λ=0.10 lower: fraction 0.04983 vs 0.05000 (rel -3.40e-03, z -0.78)
    t= 20.0 λ=0.10 upper: fraction 0.05017 vs 0.05000 (rel +3.30e-03, z +0.76)
    t= 20.0 λ=0.20 lower: fraction 0.09947 vs 0.10000 (rel -5.34e-03, z -1.78)
    t= 20.0 λ=0.20 upper: fraction 0.10002 vs 0.10000 (rel +2.30e-04, z +0.08)
    t= 20.0 λ=0.40 lower: fraction 0.19926 vs 0.20000 (rel -3.70e-03, z -1.85)
    t= 20.0 λ=0.40 upper: fraction 0.20001 vs 0.20000 (rel +5.00e-05, z +0.03)
    t= 30.0 λ=0.05 lower: fraction 0.02480 vs 0.02500 (rel -7.84e-03, z -1.26)
    t= 30.0 λ=0.05 upper: fraction 0.02521 vs 0.02500 (rel +8.44e-03, z +1.35)
    t= 30.0 λ=0.10 lower: fraction 0.04968 vs 0.05000 (rel -6.36e-03, z -1.46)
    t= 30.0 λ=0.10 upper: fraction 0.05028 vs 0.05000 (rel +5.64e-03, z +1.29)
    t= 30.0 λ=0.20 lower: fraction 0.09976 vs 0.10000 (rel -2.39e-03, z -0.80)
    t= 30.0 λ=0.20 upper: fraction 0.09976 vs 0.10000 (rel -2.39e-03, z -0.80)
    t= 30.0 λ=0.40 lower: fraction 0.19937 vs 0.20000 (rel -3.14e-03, z -1.57)
    t= 30.0 λ=0.40 upper: fraction 0.20021 vs 0.20000 (rel +1.03e-03, z +0.52)
    t= 40.0 λ=0.05 lower: fraction 0.02497 vs 0.02500 (rel -1.24e-03, z -0.20)
    t= 40.0 λ=0.05 upper: fraction 0.02506 vs 0.02500 (rel +2.32e-03, z +0.37)
    t= 40.0 λ=0.10 lower: fraction 0.04972 vs 0.05000 (rel -5.70e-03, z -1.31)
    t= 40.0 λ=0.10 upper: fraction 0.05010 vs 0.05000 (rel +1.92e-03, z +0.44)
    t= 40.0 λ=0.20 lower: fraction 0.09994 vs 0.10000 (rel -6.20e-04, z -0.21)
    t= 40.0 λ=0.20 upper: fraction 0.10026 vs 0.10000 (rel +2.64e-03, z +0.88)
    t= 40.0 λ=0.40 lower: fraction 0.20060 vs 0.20000 (rel +3.01e-03, z +1.50)
    t= 40.0 λ=0.40 upper: fraction 0.19968 vs 0.20000 (rel -1.61e-03, z -0.80)
    t= 50.0 λ=0.05 lower: fraction 0.02499 vs 0.02500 (rel -2.00e-04, z -0.03)
    t= 50.0 λ=0.05 upper: fraction 0.02473 vs 0.02500 (rel -1.09e-02, z -1.75)
    t= 50.0 λ=0.10 lower: fraction 0.04998 vs 0.05000 (rel -4.60e-04, z -0.11)
    t= 50.0 λ=0.10 upper: fraction 0.04975 vs 0.05000 (rel -4.94e-03, z -1.13)
    t= 50.0 λ=0.20 lower: fraction 0.10015 vs 0.10000 (rel +1.53e-03, z +0.51)
    t= 50.0 λ=0.20 upper: fraction 0.09968 vs 0.10000 (rel -3.18e-03, z -1.06)
    t= 50.0 λ=0.40 lower: fraction 0.20039 vs 0.20000 (rel +1.97e-03, z +0.98)
    t= 50.0 λ=0.40 upper: fraction 0.19984 vs 0.20000 (rel -8.15e-04, z -0.41)
  occupancy: 0 of 48 comparisons outside 2σ (≈2.2 expected by chance), worst z = -1.85 → PASS
  histogram → PASS;  runtime 484.5 s

== tau_1e-4: τ = 0.0001 ms, step length √(2Dτ) = 0.0245 µm, N_spins = 100000, seeds = 10, times = [0.0, 1.0, 2.0, 5.0]
  t =   0.0 ms: χ²/dof = 0.893 (z = -0.76); wall bins z = +1.16 / -0.60 → flat
  t =   1.0 ms: χ²/dof = 1.029 (z = +0.21); wall bins z = +0.88 / -0.16 → flat
  t =   2.0 ms: χ²/dof = 0.748 (z = -1.77); wall bins z = -0.57 / +0.40 → flat
  t =   5.0 ms: χ²/dof = 1.157 (z = +1.10); wall bins z = +0.37 / -1.40 → flat
    t=  0.0 λ=0.05 lower: fraction 0.02526 vs 0.02500 (rel +1.04e-02, z +1.67)
    t=  0.0 λ=0.05 upper: fraction 0.02501 vs 0.02500 (rel +5.60e-04, z +0.09)
    t=  0.0 λ=0.10 lower: fraction 0.05014 vs 0.05000 (rel +2.82e-03, z +0.65)
    t=  0.0 λ=0.10 upper: fraction 0.05002 vs 0.05000 (rel +3.60e-04, z +0.08)
    t=  0.0 λ=0.20 lower: fraction 0.10015 vs 0.10000 (rel +1.50e-03, z +0.50)
    t=  0.0 λ=0.20 upper: fraction 0.10011 vs 0.10000 (rel +1.08e-03, z +0.36)
    t=  0.0 λ=0.40 lower: fraction 0.20012 vs 0.20000 (rel +6.15e-04, z +0.31)
    t=  0.0 λ=0.40 upper: fraction 0.19979 vs 0.20000 (rel -1.07e-03, z -0.53)
    t=  1.0 λ=0.05 lower: fraction 0.02510 vs 0.02500 (rel +3.96e-03, z +0.63)
    t=  1.0 λ=0.05 upper: fraction 0.02511 vs 0.02500 (rel +4.44e-03, z +0.71)
    t=  1.0 λ=0.10 lower: fraction 0.05019 vs 0.05000 (rel +3.76e-03, z +0.86)
    t=  1.0 λ=0.10 upper: fraction 0.05004 vs 0.05000 (rel +8.60e-04, z +0.20)
    t=  1.0 λ=0.20 lower: fraction 0.10016 vs 0.10000 (rel +1.57e-03, z +0.52)
    t=  1.0 λ=0.20 upper: fraction 0.09982 vs 0.10000 (rel -1.75e-03, z -0.58)
    t=  1.0 λ=0.40 lower: fraction 0.20015 vs 0.20000 (rel +7.45e-04, z +0.37)
    t=  1.0 λ=0.40 upper: fraction 0.20005 vs 0.20000 (rel +2.50e-04, z +0.12)
    t=  2.0 λ=0.05 lower: fraction 0.02484 vs 0.02500 (rel -6.32e-03, z -1.01)
    t=  2.0 λ=0.05 upper: fraction 0.02507 vs 0.02500 (rel +2.92e-03, z +0.47)
    t=  2.0 λ=0.10 lower: fraction 0.04985 vs 0.05000 (rel -2.94e-03, z -0.67)
    t=  2.0 λ=0.10 upper: fraction 0.04993 vs 0.05000 (rel -1.42e-03, z -0.33)
    t=  2.0 λ=0.20 lower: fraction 0.09958 vs 0.10000 (rel -4.23e-03, z -1.41)
    t=  2.0 λ=0.20 upper: fraction 0.09964 vs 0.10000 (rel -3.58e-03, z -1.19)
    t=  2.0 λ=0.40 lower: fraction 0.19967 vs 0.20000 (rel -1.65e-03, z -0.82)
    t=  2.0 λ=0.40 upper: fraction 0.19980 vs 0.20000 (rel -1.01e-03, z -0.51)
    t=  5.0 λ=0.05 lower: fraction 0.02529 vs 0.02500 (rel +1.15e-02, z +1.84)
    t=  5.0 λ=0.05 upper: fraction 0.02484 vs 0.02500 (rel -6.24e-03, z -1.00)
    t=  5.0 λ=0.10 lower: fraction 0.05009 vs 0.05000 (rel +1.88e-03, z +0.43)
    t=  5.0 λ=0.10 upper: fraction 0.04995 vs 0.05000 (rel -9.20e-04, z -0.21)
    t=  5.0 λ=0.20 lower: fraction 0.10010 vs 0.10000 (rel +1.02e-03, z +0.34)
    t=  5.0 λ=0.20 upper: fraction 0.10004 vs 0.10000 (rel +4.30e-04, z +0.14)
    t=  5.0 λ=0.40 lower: fraction 0.19960 vs 0.20000 (rel -2.00e-03, z -1.00)
    t=  5.0 λ=0.40 upper: fraction 0.19959 vs 0.20000 (rel -2.04e-03, z -1.02)
  occupancy: 0 of 32 comparisons outside 2σ (≈1.5 expected by chance), worst z = +1.84 → PASS
  histogram → PASS;  runtime 468.9 s
